{
  "version": "1.5.0",
  "plugins_used": [
    {
      "name": "ArtifactoryDetector"
    },
    {
      "name": "AWSKeyDetector"
    },
    {
      "name": "AzureStorageKeyDetector"
    },
    {
      "name": "Base64HighEntropyString",
      "limit": 4.5
    },
    {
      "name": "BasicAuthDetector"
    },
    {
      "name": "CloudantDetector"
    },
    {
      "name": "DiscordBotTokenDetector"
    },
    {
      "name": "GitHubTokenDetector"
    },
    {
      "name": "GitLabTokenDetector"
    },
    {
      "name": "HexHighEntropyString",
      "limit": 3.0
    },
    {
      "name": "IbmCloudIamDetector"
    },
    {
      "name": "IbmCosHmacDetector"
    },
    {
      "name": "IPPublicDetector"
    },
    {
      "name": "JwtTokenDetector"
    },
    {
      "name": "KeywordDetector",
      "keyword_exclude": ""
    },
    {
      "name": "MailchimpDetector"
    },
    {
      "name": "NpmDetector"
    },
    {
      "name": "OpenAIDetector"
    },
    {
      "name": "PrivateKeyDetector"
    },
    {
      "name": "PypiTokenDetector"
    },
    {
      "name": "SendGridDetector"
    },
    {
      "name": "SlackDetector"
    },
    {
      "name": "SoftlayerDetector"
    },
    {
      "name": "SquareOAuthDetector"
    },
    {
      "name": "StripeDetector"
    },
    {
      "name": "TelegramBotTokenDetector"
    },
    {
      "name": "TwilioKeyDetector"
    }
  ],
  "filters_used": [
    {
      "path": "detect_secrets.filters.allowlist.is_line_allowlisted"
    },
    {
      "path": "detect_secrets.filters.common.is_ignored_due_to_verification_policies",
      "min_level": 2
    },
    {
      "path": "detect_secrets.filters.heuristic.is_indirect_reference"
    },
    {
      "path": "detect_secrets.filters.heuristic.is_likely_id_string"
    },
    {
      "path": "detect_secrets.filters.heuristic.is_lock_file"
    },
    {
      "path": "detect_secrets.filters.heuristic.is_not_alphanumeric_string"
    },
    {
      "path": "detect_secrets.filters.heuristic.is_potential_uuid"
    },
    {
      "path": "detect_secrets.filters.heuristic.is_prefixed_with_dollar_sign"
    },
    {
      "path": "detect_secrets.filters.heuristic.is_sequential_string"
    },
    {
      "path": "detect_secrets.filters.heuristic.is_swagger_file"
    },
    {
      "path": "detect_secrets.filters.heuristic.is_templated_secret"
    },
    {
      "path": "detect_secrets.filters.regex.should_exclude_file",
      "pattern": [
        "docs/api/openapi\\.json|web/src/shared/api/schema\\.d\\.ts|package-lock\\.json|\\.secrets\\.baseline|^backend/alembic/versions/"
      ]
    },
    {
      "path": "detect_secrets.filters.regex.should_exclude_secret",
      "pattern": [
        "ci-secret-please-ignore|flash-test-secret-please-ignore|change-me-in-\\.env"
      ]
    }
  ],
  "results": {
    ".env.example": [
      {
        "type": "Basic Auth Credentials",
        "filename": ".env.example",
        "hashed_secret": "6117e45ab57f8660d866a21ca5e9d2c31dbc1945",
        "is_verified": false,
        "line_number": 21
      }
    ],
    ".github/workflows/backend-ci.yml": [
      {
        "type": "Secret Keyword",
        "filename": ".github/workflows/backend-ci.yml",
        "hashed_secret": "6117e45ab57f8660d866a21ca5e9d2c31dbc1945",
        "is_verified": false,
        "line_number": 30
      },
      {
        "type": "Basic Auth Credentials",
        "filename": ".github/workflows/backend-ci.yml",
        "hashed_secret": "6117e45ab57f8660d866a21ca5e9d2c31dbc1945",
        "is_verified": false,
        "line_number": 51
      }
    ],
    "backend/loadtest/README.md": [
      {
        "type": "Basic Auth Credentials",
        "filename": "backend/loadtest/README.md",
        "hashed_secret": "6117e45ab57f8660d866a21ca5e9d2c31dbc1945",
        "is_verified": false,
        "line_number": 31
      }
    ],
    "backend/loadtest/locustfile.py": [
      {
        "type": "Basic Auth Credentials",
        "filename": "backend/loadtest/locustfile.py",
        "hashed_secret": "6117e45ab57f8660d866a21ca5e9d2c31dbc1945",
        "is_verified": false,
        "line_number": 18
      }
    ],
    "backend/src/flash/infrastructure/codes.py": [
      {
        "type": "Base64 High Entropy String",
        "filename": "backend/src/flash/infrastructure/codes.py",
        "hashed_secret": "0517fc7ad20f41ebe9ff7c6835a9a9609cfe8504",
        "is_verified": false,
        "line_number": 13
      }
    ],
    "backend/src/flash/infrastructure/config.py": [
      {
        "type": "Basic Auth Credentials",
        "filename": "backend/src/flash/infrastructure/config.py",
        "hashed_secret": "6117e45ab57f8660d866a21ca5e9d2c31dbc1945",
        "is_verified": false,
        "line_number": 31
      }
    ],
    "backend/tests/application/merchants/test_merchant_public_api.py": [
      {
        "type": "Secret Keyword",
        "filename": "backend/tests/application/merchants/test_merchant_public_api.py",
        "hashed_secret": "37eb9c34ac0ec3ef6bdf32d8c87e26328b188092",
        "is_verified": false,
        "line_number": 107
      },
      {
        "type": "Secret Keyword",
        "filename": "backend/tests/application/merchants/test_merchant_public_api.py",
        "hashed_secret": "76e8851a1af1ef0bca055244eab8a5c8ae7f54db",
        "is_verified": false,
        "line_number": 113
      }
    ],
    "backend/tests/application/merchants/test_merchant_webhooks.py": [
      {
        "type": "Secret Keyword",
        "filename": "backend/tests/application/merchants/test_merchant_webhooks.py",
        "hashed_secret": "1a63fedb17e55f4bec8f26810fdfffe9dc415472",
        "is_verified": false,
        "line_number": 41
      }
    ],
    "backend/tests/domain/test_merchant_webhook.py": [
      {
        "type": "Secret Keyword",
        "filename": "backend/tests/domain/test_merchant_webhook.py",
        "hashed_secret": "1a63fedb17e55f4bec8f26810fdfffe9dc415472",
        "is_verified": false,
        "line_number": 23
      },
      {
        "type": "Secret Keyword",
        "filename": "backend/tests/domain/test_merchant_webhook.py",
        "hashed_secret": "a0f4ea7d91495df92bbac2e2149dfb850fe81396",
        "is_verified": false,
        "line_number": 56
      }
    ],
    "backend/tests/infrastructure/test_db_roundtrip.py": [
      {
        "type": "Secret Keyword",
        "filename": "backend/tests/infrastructure/test_db_roundtrip.py",
        "hashed_secret": "cadcb437c6b545c77d34a2546ffe32ae720ad9a4",
        "is_verified": false,
        "line_number": 617
      }
    ],
    "backend/tests/infrastructure/test_merchant_webhook_sender.py": [
      {
        "type": "Secret Keyword",
        "filename": "backend/tests/infrastructure/test_merchant_webhook_sender.py",
        "hashed_secret": "1a63fedb17e55f4bec8f26810fdfffe9dc415472",
        "is_verified": false,
        "line_number": 26
      }
    ],
    "backend/tests/interface/test_card_routes.py": [
      {
        "type": "Secret Keyword",
        "filename": "backend/tests/interface/test_card_routes.py",
        "hashed_secret": "1ea3ab8a99617591ec14840578fd5b8d938bb459",
        "is_verified": false,
        "line_number": 25
      }
    ],
    "backend/tests/interface/test_merchant_public_api_routes.py": [
      {
        "type": "Secret Keyword",
        "filename": "backend/tests/interface/test_merchant_public_api_routes.py",
        "hashed_secret": "cadcb437c6b545c77d34a2546ffe32ae720ad9a4",
        "is_verified": false,
        "line_number": 28
      },
      {
        "type": "Secret Keyword",
        "filename": "backend/tests/interface/test_merchant_public_api_routes.py",
        "hashed_secret": "a0f4ea7d91495df92bbac2e2149dfb850fe81396",
        "is_verified": false,
        "line_number": 237
      }
    ],
    "backend/tests/interface/test_operator_routes.py": [
      {
        "type": "Secret Keyword",
        "filename": "backend/tests/interface/test_operator_routes.py",
        "hashed_secret": "742ad1ec1e8083d04e9511c293ac7934db6f6023",
        "is_verified": false,
        "line_number": 25
      }
    ]
  },
  "generated_at": "2026-09-09T22:41:03Z"
}
